MO DM NULL DM.v vlg21/_d_m.bin 1763222274
MO Splitter NULL Splitter.v vlg1F/_splitter.bin 1763222296
MO IM NULL IM.v vlg3A/_i_m.bin 1763222285
MO PC NULL pc.v vlg53/_p_c.bin 1763222292
MO NPC NULL NPC.v vlg71/_n_p_c.bin 1763222289
MO EXT NULL EXT.v vlg49/_e_x_t.bin 1763222278
MO Controller NULL Controller.v vlg34/_controller.bin 1763222225
MO GRF NULL GRF.v vlg4F/_g_r_f.bin 1763222281
MO ALU NULL ALU.v vlg2A/_a_l_u.bin 1763222270
