MO MultDivUnit NULL MultDivUnit.v vlg55/_mult_div_unit.bin 1766320109
MO F_PC NULL F_PC.v vlg48/_f___p_c.bin 1766320109
MO M_BE NULL M_BE.v vlg6F/_m___b_e.bin 1766320109
MO Splitter NULL Splitter.v vlg1F/_splitter.bin 1766320109
MO M_DE NULL M_DE.v vlg79/_m___d_e.bin 1766320109
MO HazardCtrl NULL Hazard_controller.v vlg73/_hazard_ctrl.bin 1766320109
MO MW_REG NULL MW_REG.v vlg5D/_m_w___r_e_g.bin 1766320109
MO FD_REG NULL FD_REG.v vlg07/_f_d___r_e_g.bin 1766320109
